..........                                                               [100%]
10 passed in 0.23s

........................................................................ [ 57%]
...............s......................................                   [100%]
125 passed, 1 skipped in 0.33s
